// Jest Snapshot v1, https://goo.gl/fbAQLP

exports[`Leg should render correctly 1`] = `
<h1>
  error page
</h1>
`;
