// Jest Snapshot v1, https://goo.gl/fbAQLP

exports[`Flights should render correctly 1`] = `
<div>
  Loading...
</div>
`;
